WARNING: OMP_NUM_THREADS set to 12, not 1. The computation speed will not be optimized if you use data parallel. It will fail if this PaddlePaddle binary is compiled with OpenBlas since OpenBlas does not support multi-threads.
PLEASE USE OMP_NUM_THREADS WISELY.
Warning: Unable to use numba in PP-Tracking, please install numba, for example(python3.7): `pip install numba==0.56.4`
Warning: Unable to use numba in PP-Tracking, please install numba, for example(python3.7): `pip install numba==0.56.4`
[08/17 00:58:46] ppdet.utils.checkpoint INFO: Skipping import of the encryption module.
[data] train=17310 val=1923 -> /root/autodl-tmp/AIC2026_AgriVision/scripts/b1/../../experiments/direction5/B1_PVPRETRAIN_100e/pretrain/train.csv / /root/autodl-tmp/AIC2026_AgriVision/scripts/b1/../../experiments/direction5/B1_PVPRETRAIN_100e/pretrain/val.csv


--------------------------------------
C++ Traceback (most recent call last):
--------------------------------------
No stack trace in paddle, may be caused by external reasons.

----------------------
Error Message Summary:
----------------------
FatalError: `Termination signal` is detected by the operating system.
  [TimeInfo: *** Aborted at 1786899537 (unix time) try "date -d @1786899537" if you are using GNU date ***]
  [SignalInfo: *** SIGTERM (@0x1fbb4) received by PID 130040 (TID 0x7f653dad9740) from PID 129972 ***]



--------------------------------------
C++ Traceback (most recent call last):
--------------------------------------
No stack trace in paddle, may be caused by external reasons.

----------------------
Error Message Summary:
----------------------
FatalError: `Termination signal` is detected by the operating system.
  [TimeInfo: *** Aborted at 1786899537 (unix time) try "date -d @1786899537" if you are using GNU date ***]
  [SignalInfo: *** SIGTERM (@0x1fbb4) received by PID 130034 (TID 0x7f653dad9740) from PID 129972 ***]



--------------------------------------
C++ Traceback (most recent call last):
--------------------------------------
No stack trace in paddle, may be caused by external reasons.

----------------------
Error Message Summary:
----------------------
FatalError: `Termination signal` is detected by the operating system.
  [TimeInfo: *** Aborted at 1786899537 (unix time) try "date -d @1786899537" if you are using GNU date ***]
  [SignalInfo: *** SIGTERM (@0x1fbb4) received by PID 130022 (TID 0x7f653dad9740) from PID 129972 ***]



--------------------------------------
C++ Traceback (most recent call last):
--------------------------------------
No stack trace in paddle, may be caused by external reasons.

----------------------
Error Message Summary:
----------------------
FatalError: `Termination signal` is detected by the operating system.
  [TimeInfo: *** Aborted at 1786899537 (unix time) try "date -d @1786899537" if you are using GNU date ***]
  [SignalInfo: *** SIGTERM (@0x1fbb4) received by PID 130014 (TID 0x7f653dad9740) from PID 129972 ***]

[train] decode cache: 17310 imgs @maxdim=384 (11s)


--------------------------------------
C++ Traceback (most recent call last):
--------------------------------------
No stack trace in paddle, may be caused by external reasons.

----------------------
Error Message Summary:
----------------------
FatalError: `Termination signal` is detected by the operating system.
  [TimeInfo: *** Aborted at 1786899540 (unix time) try "date -d @1786899540" if you are using GNU date ***]
  [SignalInfo: *** SIGTERM (@0x1fbb4) received by PID 130050 (TID 0x7f653dad9740) from PID 129972 ***]



--------------------------------------
C++ Traceback (most recent call last):
--------------------------------------
No stack trace in paddle, may be caused by external reasons.

----------------------
Error Message Summary:
----------------------
FatalError: `Termination signal` is detected by the operating system.
  [TimeInfo: *** Aborted at 1786899540 (unix time) try "date -d @1786899540" if you are using GNU date ***]
  [SignalInfo: *** SIGTERM (@0x1fbb4) received by PID 130062 (TID 0x7f653dad9740) from PID 129972 ***]

[val] decode cache: 1923 imgs @maxdim=384 (3s)
W0817 00:59:00.619139 129972 gpu_resources.cc:119] Please NOTE: device: 0, GPU Compute Capability: 8.9, Driver API Version: 13.0, Runtime API Version: 11.8
W0817 00:59:00.620033 129972 gpu_resources.cc:164] device: 0, cuDNN Version: 9.1.
[model] params=3007603 (backbone 同 PP-YOLOE+-s)
=== PV_CORE 分类预训练开始 ===
[  1/5] train_loss=1.8136 | val_loss=11.5173 val_acc=0.0499 | best=0.0499@1 * | 100.5s | lr=0.10000
[  2/5] train_loss=1.0592 | val_loss=2.4933 val_acc=0.3411 | best=0.3411@2 * | 187.7s | lr=0.08536
[  3/5] train_loss=0.8361 | val_loss=1.0808 val_acc=0.7686 | best=0.7686@3 * | 273.3s | lr=0.05000
