WARNING: OMP_NUM_THREADS set to 12, not 1. The computation speed will not be optimized if you use data parallel. It will fail if this PaddlePaddle binary is compiled with OpenBlas since OpenBlas does not support multi-threads.
PLEASE USE OMP_NUM_THREADS WISELY.
Warning: Unable to use numba in PP-Tracking, please install numba, for example(python3.7): `pip install numba==0.56.4`
Warning: Unable to use numba in PP-Tracking, please install numba, for example(python3.7): `pip install numba==0.56.4`
[08/17 01:09:11] ppdet.utils.checkpoint INFO: Skipping import of the encryption module.
[data] train=17310 val=1923 -> /root/autodl-tmp/AIC2026_AgriVision/scripts/b1/../../experiments/direction5/B1_PVPRETRAIN_100e/pretrain/train.csv / /root/autodl-tmp/AIC2026_AgriVision/scripts/b1/../../experiments/direction5/B1_PVPRETRAIN_100e/pretrain/val.csv


--------------------------------------
C++ Traceback (most recent call last):
--------------------------------------
No stack trace in paddle, may be caused by external reasons.

----------------------
Error Message Summary:
----------------------
FatalError: `Termination signal` is detected by the operating system.
  [TimeInfo: *** Aborted at 1786900161 (unix time) try "date -d @1786900161" if you are using GNU date ***]
  [SignalInfo: *** SIGTERM (@0x20972) received by PID 133528 (TID 0x7efcd40d0740) from PID 133490 ***]



--------------------------------------
C++ Traceback (most recent call last):
--------------------------------------
No stack trace in paddle, may be caused by external reasons.

----------------------
Error Message Summary:
----------------------
FatalError: `Termination signal` is detected by the operating system.
  [TimeInfo: *** Aborted at 1786900161 (unix time) try "date -d @1786900161" if you are using GNU date ***]
  [SignalInfo: *** SIGTERM (@0x20972) received by PID 133556 (TID 0x7efcd40d0740) from PID 133490 ***]

[train] decode cache: 17310 imgs @maxdim=384 (10s)


--------------------------------------
C++ Traceback (most recent call last):
--------------------------------------
No stack trace in paddle, may be caused by external reasons.

----------------------
Error Message Summary:
----------------------
FatalError: `Termination signal` is detected by the operating system.
  [TimeInfo: *** Aborted at 1786900163 (unix time) try "date -d @1786900163" if you are using GNU date ***]
  [SignalInfo: *** SIGTERM (@0x20972) received by PID 133572 (TID 0x7efcd40d0740) from PID 133490 ***]

[val] decode cache: 1923 imgs @maxdim=384 (2s)
W0817 01:09:24.046821 133490 gpu_resources.cc:119] Please NOTE: device: 0, GPU Compute Capability: 8.9, Driver API Version: 13.0, Runtime API Version: 11.8
W0817 01:09:24.047825 133490 gpu_resources.cc:164] device: 0, cuDNN Version: 9.1.
[model] params=3007603 (backbone 同 PP-YOLOE+-s)
=== PV_CORE 分类预训练开始 ===
